============================= test session starts =============================
platform win32 -- Python 3.11.9, pytest-7.4.4, pluggy-1.6.0 -- C:\Users\Asus\AppData\Local\Programs\Python\Python311\python.exe
cachedir: .pytest_cache
rootdir: C:\Projects\almudeer\backend
configfile: pytest.ini
testpaths: tests
plugins: anyio-4.12.0, asyncio-0.23.3
asyncio: mode=Mode.AUTO
collecting ... collected 190 items / 4 errors

<Package tests>
  Al-Mudeer Test Package
  <Module test_api.py>
    Al-Mudeer API Tests
    Basic tests for health endpoints and security utilities
    <Class TestSecurityModule>
      Test security utility functions
      <Function test_sanitize_string_basic>
        Test basic string sanitization
      <Function test_sanitize_string_max_length>
        Test string truncation
      <Function test_sanitize_email_valid>
        Test valid email validation
      <Function test_sanitize_email_invalid>
        Test invalid email rejection
      <Function test_sanitize_phone_valid>
        Test valid phone sanitization
      <Function test_sanitize_phone_invalid>
        Test invalid phone rejection
      <Function test_sanitize_message>
        Test message sanitization
    <Class TestEncryption>
      Test encryption/decryption functions
      <Function test_encrypt_decrypt_roundtrip>
        Test that encryption and decryption work together
      <Function test_encrypt_empty_string>
        Test encryption of empty string
      <Function test_generate_secure_token>
        Test secure token generation
    <Class TestModelsImport>
      Test that models package imports correctly
      <Function test_models_import>
        Test importing from models package
    <Class TestHealthEndpoint>
      Test health check endpoints
      <Coroutine test_root_endpoint>
        Test root endpoint returns OK
  <Module test_auth_routes.py>
    Al-Mudeer Auth Routes Tests
    API tests for authentication endpoints
    <Class TestAuthModels>
      Tests for authentication request/response models
      <Function test_login_request_model>
        Test LoginRequest model accepts valid data
      <Function test_register_request_model>
        Test RegisterRequest model
      <Function test_token_response_model>
        Test TokenResponse model
      <Function test_refresh_request_model>
        Test RefreshRequest model
    <Class TestLoginEndpoint>
      Tests for /api/auth/login endpoint
      <Coroutine test_login_missing_credentials>
        Test login fails without credentials
      <Coroutine test_login_invalid_license_key>
        Test login fails with invalid license key
    <Class TestRegisterEndpoint>
      Tests for /api/auth/register endpoint
      <Coroutine test_register_missing_fields>
        Test registration fails without required fields
      <Coroutine test_register_invalid_email>
        Test registration fails with invalid email format
    <Class TestTokenRefreshEndpoint>
      Tests for /api/auth/refresh endpoint
      <Coroutine test_refresh_invalid_token>
        Test refresh fails with invalid token
    <Class TestGetCurrentUserEndpoint>
      Tests for /api/auth/me endpoint
      <Coroutine test_get_me_without_auth>
        Test /me fails without authentication
      <Coroutine test_get_me_with_invalid_token>
        Test /me fails with invalid token
    <Class TestLogoutEndpoint>
      Tests for /api/auth/logout endpoint
      <Coroutine test_logout_without_auth>
        Test logout fails without authentication
    <Class TestJWTTokenFunctions>
      Tests for JWT token creation and verification
      <Function test_create_and_verify_token>
        Test JWT token creation and verification
      <Function test_refresh_token_has_jti>
        Test refresh token contains JTI for revocation
      <Function test_invalid_token_returns_none>
        Test invalid token verification returns None
  <Module test_chat_routes.py>
    Al-Mudeer Chat Routes Tests
    API tests for inbox, conversation, and messaging endpoints
    <Class TestInboxRoutes>
      Tests for /api/integrations/inbox and /conversations endpoints
      <Coroutine test_get_inbox_success>
        Test getting inbox messages
      <Coroutine test_get_conversations_success>
        Test getting conversations list
      <Coroutine test_get_inbox_message_detail>
        Test getting single message detail
      <Coroutine test_get_inbox_message_not_found>
        Test getting non-existent message returns 404
    <Class TestChatHistoryRoutes>
      Tests for chat history and search endpoints
      <Coroutine test_search_messages>
        Test searching messages
      <Coroutine test_get_conversation_detail>
        Test getting conversation detail with messages
      <Coroutine test_get_conversation_not_found>
        Test getting non-existent conversation returns 404
    <Class TestChatActions>
      Tests for sending and approving messages
      <Coroutine test_send_message_success>
        Test sending a new message
      <Coroutine test_approve_message_success>
        Test approving an AI draft
      <Coroutine test_delete_message>
        Test deleting a message
      <Coroutine test_delete_conversation>
        Test deleting a full conversation
  <Module test_clear_fix.py>
    <Coroutine test_clear_conversation_messages_no_nameerror>
      Test that clear_conversation_messages defines ts_value and doesn't raise NameError.
    <Coroutine test_soft_delete_conversation_no_nameerror>
      Test that soft_delete_conversation defines ts_value and doesn't raise NameError.
  <Module test_e2e.py>
    Al-Mudeer Backend E2E Tests
    End-to-end testing with actual API calls
    <Coroutine test_e2e_health_endpoints>
      E2E: All health endpoints work
    <Coroutine test_e2e_api_version>
      E2E: API version endpoint
    <Coroutine test_e2e_auth_login_invalid>
      E2E: Invalid login returns 401
    <Coroutine test_e2e_auth_me_requires_token>
      E2E: /me endpoint requires authentication
    <Coroutine test_e2e_inbox_paginated_requires_auth>
      E2E: Paginated inbox requires auth
    <Coroutine test_e2e_rate_limit_headers>
      E2E: Rate limit headers present
    <Coroutine test_e2e_404_handling>
      E2E: 404 for non-existent endpoints
    <Coroutine test_e2e_invalid_json>
      E2E: Invalid JSON returns 422
  <Module test_email_services.py>
    Al-Mudeer Email Service Tests
    Unit tests for Email and Gmail services
    <Class TestEmailHeaderDecoding>
      Tests for email header decoding functions
      <Function test_decode_simple_header>
        Test decoding a simple ASCII header
      <Function test_decode_arabic_header>
        Test decoding Arabic encoded header
    <Class TestEmailAddressExtraction>
      Tests for email address extraction from headers
      <Function test_extract_simple_email>
        Test extracting simple email address
      <Function test_extract_email_with_name>
        Test extracting email with display name
      <Function test_extract_email_with_arabic_name>
        Test extracting email with Arabic display name
    <Class TestErrorFormatting>
      Tests for user-friendly error formatting
      <Function test_format_authentication_error>
        Test formatting authentication errors
      <Function test_format_connection_error>
        Test formatting connection errors
    <Class TestEmailProviderSettings>
      Tests for email provider configuration
      <Function test_gmail_provider_settings>
        Test Gmail provider settings are correct
    <Class TestGmailOAuthService>
      Tests for Gmail OAuth service
      <Function test_service_initialization>
        Test Gmail OAuth service initializes correctly
    <Class TestGmailAPIService>
      Tests for Gmail API service
      <Function test_decode_base64url>
        Test base64url decoding for Gmail API
  <Module test_errors.py>
    Al-Mudeer Error Tests
    Tests for structured error handling
    <Class TestAPIErrors>
      Test structured API error classes
      <Function test_base_api_error>
        Test base APIError class
      <Function test_validation_error>
        Test ValidationError with field info
      <Function test_not_found_error>
        Test NotFoundError with resource info
      <Function test_authentication_error>
        Test AuthenticationError
      <Function test_authorization_error>
        Test AuthorizationError
      <Function test_rate_limit_error>
        Test RateLimitError with retry info
      <Function test_external_service_error>
        Test ExternalServiceError
      <Function test_database_error>
        Test DatabaseError
      <Function test_error_has_arabic_message>
        Test that all errors have Arabic messages
  <Module test_main.py>
    Al-Mudeer Backend Tests
    Basic tests for core functionality
    <Coroutine test_health_check>
      Test health endpoint returns 200
    <Coroutine test_health_live>
      Test liveness probe
    <Coroutine test_auth_login_invalid>
      Test login with invalid credentials
    <Function test_sanitize_message>
      Test message sanitization
    <Function test_password_hashing>
      Test password hashing and verification
    <Function test_jwt_tokens>
      Test JWT token creation and verification
  <Module test_message_edit_restrictions.py>
    <Coroutine test_edit_message_almudeer_no_time_limit>
      Test that Almudeer messages can be edited even after 15 minutes.
    <Coroutine test_edit_message_external_channels_restricted>
      Test that external channels (WhatsApp, Telegram) cannot be edited.
    <Coroutine test_edit_message_generic_channel_no_time_limit>
      Test that other channels also have no time limit now.
  <Module test_message_filters.py>
    Al-Mudeer Message Filter Tests
    Unit tests for message filtering, especially automated email detection
    <Class TestFilterAutomatedMessages>
      Tests for the enhanced filter_automated_messages function
      <Function test_blocks_noreply_sender>
        Test that noreply@ senders are blocked
      <Function test_blocks_newsletter_sender>
        Test that newsletter@ senders are blocked
      <Function test_blocks_marketing_sender>
        Test that marketing@ senders are blocked
      <Function test_blocks_notifications_sender>
        Test that notifications@ senders are blocked
      <Function test_blocks_otp_message>
        Test that OTP messages are blocked
      <Function test_blocks_arabic_otp>
        Test that Arabic OTP messages are blocked
      <Function test_blocks_unsubscribe_message>
        Test that messages with unsubscribe are blocked
      <Function test_blocks_discount_message>
        Test that discount/sale messages are blocked
      <Function test_blocks_arabic_marketing>
        Test that Arabic marketing messages are blocked
      <Function test_blocks_order_confirmation>
        Test that order confirmations are blocked
      <Function test_blocks_do_not_reply>
        Test that do-not-reply messages are blocked
      <Function test_blocks_password_reset>
        Test that password reset emails are blocked
      <Function test_blocks_new_login>
        Test that new login notifications are blocked
      <Function test_blocks_security_alert>
        Test that security alerts are blocked
      <Function test_blocks_fraud_alert>
        Test that fraud alerts are blocked
      <Function test_blocks_newsletter>
        Test that newsletters are blocked
      <Function test_blocks_digest>
        Test that digest emails are blocked
      <Function test_allows_customer_inquiry>
        Test that customer inquiries are allowed
      <Function test_allows_support_request>
        Test that support requests are allowed
      <Function test_allows_business_inquiry>
        Test that business inquiries are allowed
    <Class TestFilterSpam>
      Tests for spam filtering
      <Function test_blocks_spam_with_multiple_links>
        Test that messages with many links are blocked
      <Function test_allows_normal_message>
        Test that normal messages pass spam filter
    <Class TestFilterEmpty>
      Tests for empty message filtering
      <Function test_blocks_empty_message>
        Test that empty messages are blocked
      <Function test_blocks_short_message>
        Test that very short messages are blocked
      <Function test_allows_normal_message>
        Test that normal messages pass empty filter
    <Class TestFilterManager>
      Tests for the FilterManager class
      <Function test_default_filters_applied>
        Test that default filters are applied
      <Function test_allows_legitimate_message>
        Test that legitimate messages pass all filters
  <Module test_misc_routes.py>
    Al-Mudeer Miscellaneous Routes Tests
    Tests for Subscription, System/Integrations, and Version routes
    <Class TestSubscriptionRoutes>
      <Coroutine test_create_subscription>
      <Coroutine test_list_subscriptions>
    <Class TestSystemRoutes>
      <Coroutine test_list_integration_accounts>
    <Class TestVersionRoutes>
      <Coroutine test_update_check>
        Test the version update check endpoint
  <Module test_notification_service.py>
    Al-Mudeer Notification Service Tests
    Unit tests for notification routing, Slack/Discord integration, and rules
    <Class TestNotificationClasses>
      Tests for notification data classes
      <Function test_notification_channel_values>
        Test NotificationChannel enum values
      <Function test_notification_priority_values>
        Test NotificationPriority enum values
      <Function test_notification_payload_creation>
        Test NotificationPayload dataclass
      <Function test_notification_payload_optional_fields>
        Test NotificationPayload with optional fields
    <Class TestSlackIntegration>
      Tests for Slack notification integration
      <Coroutine test_send_slack_notification_formats_blocks>
        Test Slack notification creates proper block format
      <Coroutine test_send_slack_notification_handles_error>
        Test Slack notification handles HTTP errors gracefully
    <Class TestDiscordIntegration>
      Tests for Discord notification integration
      <Coroutine test_send_discord_notification_formats_embed>
        Test Discord notification creates proper embed format
    <Class TestWebhookIntegration>
      Tests for generic webhook integration
      <Coroutine test_send_webhook_notification_posts_json>
        Test webhook sends JSON payload
    <Class TestPriorityColoring>
      Tests for priority-based notification coloring
      <Function test_urgent_priority_has_red_color>
        Test urgent priority maps to red/alert color
    <Class TestNotificationThrottling>
      Tests for notification flood protection
      <Function test_cooldown_constant_exists>
        Test cooldown constant is defined
    <Class TestAlertTypes>
      Tests for predefined alert type functions
      <Coroutine test_send_urgent_message_alert>
        Test urgent message alert creation
      <Coroutine test_send_negative_sentiment_alert>
        Test negative sentiment alert creation
      <Coroutine test_send_vip_customer_alert>
        Test VIP customer alert creation
    <Class TestIntegrationStorage>
      Tests for integration configuration storage
      <Coroutine test_save_integration_function_exists>
        Test save_integration is importable
      <Coroutine test_get_integration_function_exists>
        Test get_integration is importable
      <Coroutine test_disable_integration_function_exists>
        Test disable_integration is importable
    <Class TestNotificationRules>
      Tests for notification rule management
      <Function test_create_rule_function_exists>
        Test create_rule is importable
      <Function test_get_rules_function_exists>
        Test get_rules is importable
      <Function test_delete_rule_function_exists>
        Test delete_rule is importable
  <Module test_services.py>
    Al-Mudeer Service Tests
    Unit tests for individual services
    <Class TestJWTAuth>
      Tests for JWT authentication service
      <Coroutine test_create_access_token[asyncio]>
        Test access token creation
    <Class TestCache>
      Tests for caching service
      <Coroutine test_memory_cache_set_get[asyncio]>
        Test in-memory cache operations
      <Coroutine test_cache_miss[asyncio]>
        Test cache miss returns None
    <Class TestLLMCache>
      Tests for LLM response caching
      <Coroutine test_lru_cache_basics[asyncio]>
        Test LRU cache operations
      <Coroutine test_lru_cache_different_system[asyncio]>
        Test different system prompts have different cache entries
    <Class TestJWTAuth>
      Tests for JWT authentication service
      <Function test_create_refresh_token>
        Test refresh token creation
      <Function test_token_pair>
        Test creating token pair
      <Function test_invalid_token>
        Test invalid token verification
      <Function test_password_hashing>
        Test password hashing
    <Class TestPagination>
      Tests for pagination service
      <Function test_pagination_params>
        Test pagination parameter defaults
      <Function test_pagination_params_custom>
        Test custom pagination parameters
      <Function test_pagination_max_size>
        Test page size limit enforced
      <Function test_paginate_function>
        Test paginate helper
    <Class TestRequestBatcher>
      Tests for request batching service
      <Function test_batch_key_generation>
        Test batch key is generated correctly
    <Class TestSecurity>
      Tests for security functions
      <Function test_sanitize_string_basic>
        Test basic string sanitization
      <Function test_sanitize_string_xss>
        Test XSS prevention
      <Function test_sanitize_email_valid>
        Test valid email sanitization
      <Function test_sanitize_email_invalid>
        Test invalid email returns None
      <Function test_sanitize_phone>
        Test phone sanitization
  <Module test_settings_integration.py>
    Al-Mudeer Settings Integration Tests
    Comprehensive tests to verify ALL settings are fully connected and working:
    - Notification toggle (notifications_enabled)
    - Tone / Custom Tone Guidelines
    - Reply Length
    - Preferred Languages
    - Knowledge Base
    <Class TestNotificationToggle>
      Tests for notifications_enabled enforcement
      <Coroutine test_fcm_skips_when_notifications_disabled>
        Test that FCM push is skipped when notifications_enabled is False
      <Coroutine test_fcm_proceeds_when_notifications_enabled>
        Test that FCM push logic proceeds when notifications_enabled is True
    <Class TestPreferencesPersistence>
      Tests for preferences being correctly saved and retrieved
      <Coroutine test_get_preferences_returns_defaults>
        Test that get_preferences returns correct defaults for new user
      <Coroutine test_update_preferences_works>
        Test that update_preferences correctly updates values
  <Module test_telegram_phone_resolve.py>
    <Coroutine test_resolve_telegram_entity_using_id>
      Test resolution using numeric ID (e.g., already in DB)
    <Coroutine test_resolve_telegram_entity_fallback_dialogs>
      Test resolution falling back to searching dialogs
    <Coroutine test_send_message_uses_resolver>
  <Module test_telegram_services.py>
    Al-Mudeer Telegram Service Tests
    Unit tests for Telegram Bot and Phone services
    <Class TestTelegramServiceParseUpdate>
      Tests for TelegramService.parse_update static method
      <Function test_parse_basic_text_message>
        Test parsing a basic text message
      <Function test_parse_message_with_photo>
        Test parsing a message with photo attachment
      <Function test_parse_message_with_voice>
        Test parsing a voice message
      <Function test_parse_message_with_document>
        Test parsing a document message
      <Function test_parse_message_with_audio>
        Test parsing an audio file message
      <Function test_detect_bot_user>
        Test that bot users are detected correctly
      <Function test_parse_group_message>
        Test parsing a message from a group
      <Function test_parse_channel_post>
        Test parsing a channel post (no from user)
      <Function test_parse_edited_message>
        Test parsing an edited message
      <Function test_parse_empty_update_returns_none>
        Test that empty update returns None
      <Function test_parse_my_chat_member_returns_none>
        Test that my_chat_member updates are ignored
    <Class TestTelegramBotManager>
      Tests for TelegramBotManager class
      <Function test_get_bot_creates_new_instance>
        Test that get_bot creates a new instance for new license
      <Function test_get_bot_returns_existing_instance>
        Test that get_bot returns existing instance for same license
      <Function test_remove_bot_clears_instance>
        Test that remove_bot clears the instance
      <Function test_remove_nonexistent_bot_no_error>
        Test that removing non-existent bot doesn't raise error
    <Class TestTelegramServiceAPI>
      Tests for TelegramService API methods with mocked HTTP
      <Coroutine test_get_me_success>
        Test get_me returns bot info
      <Coroutine test_send_message_with_reply>
        Test send_message with reply_to_message_id
      <Coroutine test_set_webhook_with_secret>
        Test set_webhook includes secret token
      <Coroutine test_test_connection_success>
        Test test_connection returns success tuple
      <Coroutine test_test_connection_failure>
        Test test_connection returns failure tuple on error
    <Class TestGetMimeType>
      Tests for get_mime_type helper function
      <Function test_common_mime_types>
        Test common file extension MIME types
      <Function test_unknown_extension_returns_default>
        Test unknown extension returns octet-stream
    <Class TestSessionStateEncoding>
      Tests for session state encoding/decoding
      <Function test_encode_decode_roundtrip>
        Test that encoding and decoding preserves data
      <Function test_encoded_is_url_safe>
        Test that encoded string is URL-safe
  <Module test_whatsapp_service.py>
    Al-Mudeer WhatsApp Service Tests
    Unit tests for WhatsApp Business Cloud API integration
    <Class TestWhatsAppServiceInit>
      Tests for WhatsApp service initialization
      <Function test_service_initialization>
        Test WhatsApp service initializes with correct properties
    <Class TestWebhookVerification>
      Tests for Meta webhook verification
      <Function test_verify_webhook_success>
        Test webhook verification with correct token
      <Function test_verify_webhook_wrong_token>
        Test webhook verification with wrong token
    <Class TestSignatureVerification>
      Tests for webhook payload signature verification
      <Function test_verify_signature_valid>
        Test signature verification with valid signature
      <Function test_verify_signature_invalid>
        Test signature verification with invalid signature
    <Class TestMessageParsing>
      Tests for parsing incoming webhook messages
      <Function test_parse_text_message>
        Test parsing a text message from webhook
      <Function test_parse_image_message>
        Test parsing an image message from webhook
      <Function test_parse_empty_payload>
        Test parsing empty/invalid payload
    <Class TestWhatsAppAPIMethods>
      Tests for WhatsApp API methods with mocked HTTP
      <Coroutine test_send_message>
        Test sending a text message
      <Coroutine test_send_message_with_reply>
        Test sending a reply message
      <Coroutine test_mark_as_read>
        Test marking a message as read
    <Class TestWhatsAppConfigStorage>
      Tests for WhatsApp config database operations
      <Function test_save_whatsapp_config_function_exists>
        Test save_whatsapp_config is importable
      <Function test_get_whatsapp_config_function_exists>
        Test get_whatsapp_config is importable
      <Function test_delete_whatsapp_config_function_exists>
        Test delete_whatsapp_config is importable

=================================== ERRORS ====================================
___________________ ERROR collecting tests/test_backfill.py ___________________
ImportError while importing test module 'C:\Projects\almudeer\backend\tests\test_backfill.py'.
Hint: make sure your test modules/packages have valid Python names.
Traceback:
C:\Users\Asus\AppData\Local\Programs\Python\Python311\Lib\importlib\__init__.py:126: in import_module
    return _bootstrap._gcd_import(name[level:], package, level)
tests\test_backfill.py:11: in <module>
    from services.backfill_service import HistoricalBackfillService
services\__init__.py:9: in <module>
    from .llm_provider import LLMService, get_llm_service, llm_generate
E   ModuleNotFoundError: No module named 'services.llm_provider'
______________ ERROR collecting tests/test_fcm_mobile_service.py ______________
ImportError while importing test module 'C:\Projects\almudeer\backend\tests\test_fcm_mobile_service.py'.
Hint: make sure your test modules/packages have valid Python names.
Traceback:
C:\Users\Asus\AppData\Local\Programs\Python\Python311\Lib\importlib\__init__.py:126: in import_module
    return _bootstrap._gcd_import(name[level:], package, level)
tests\test_fcm_mobile_service.py:8: in <module>
    from services.fcm_mobile_service import (
services\__init__.py:9: in <module>
    from .llm_provider import LLMService, get_llm_service, llm_generate
E   ModuleNotFoundError: No module named 'services.llm_provider'
______________ ERROR collecting tests/test_multi_account_fcm.py _______________
ImportError while importing test module 'C:\Projects\almudeer\backend\tests\test_multi_account_fcm.py'.
Hint: make sure your test modules/packages have valid Python names.
Traceback:
C:\Users\Asus\AppData\Local\Programs\Python\Python311\Lib\importlib\__init__.py:126: in import_module
    return _bootstrap._gcd_import(name[level:], package, level)
tests\test_multi_account_fcm.py:10: in <module>
    from services.fcm_mobile_service import save_fcm_token, ensure_fcm_tokens_table
services\__init__.py:9: in <module>
    from .llm_provider import LLMService, get_llm_service, llm_generate
E   ModuleNotFoundError: No module named 'services.llm_provider'
______________ ERROR collecting tests/test_websocket_manager.py _______________
ImportError while importing test module 'C:\Projects\almudeer\backend\tests\test_websocket_manager.py'.
Hint: make sure your test modules/packages have valid Python names.
Traceback:
C:\Users\Asus\AppData\Local\Programs\Python\Python311\Lib\importlib\__init__.py:126: in import_module
    return _bootstrap._gcd_import(name[level:], package, level)
tests\test_websocket_manager.py:11: in <module>
    import services.websocket_manager as ws_module
services\__init__.py:9: in <module>
    from .llm_provider import LLMService, get_llm_service, llm_generate
E   ModuleNotFoundError: No module named 'services.llm_provider'
=========================== short test summary info ===========================
ERROR tests/test_backfill.py
ERROR tests/test_fcm_mobile_service.py
ERROR tests/test_multi_account_fcm.py
ERROR tests/test_websocket_manager.py
!!!!!!!!!!!!!!!!!!! Interrupted: 4 errors during collection !!!!!!!!!!!!!!!!!!!
=================== 190 tests collected, 4 errors in 2.07s ====================
